Copyright 1986-2022 Xilinx, Inc. All Rights Reserved.
---------------------------------------------------------------------------------------------------------------
| Tool Version : Vivado v.2022.2 (lin64) Build 3671981 Fri Oct 14 04:59:54 MDT 2022
| Date         : Mon Feb 27 14:56:08 2023
| Host         : PDArch running 64-bit Arch Linux
| Command      : report_utilization -file HDMI_Demo_utilization_placed.rpt -pb HDMI_Demo_utilization_placed.pb
| Design       : HDMI_Demo
| Device       : xc7s15ftgb196-1
| Speed File   : -1
| Design State : Fully Placed
---------------------------------------------------------------------------------------------------------------

Utilization Design Information

Table of Contents
-----------------
1. Slice Logic
1.1 Summary of Registers by Type
2. Slice Logic Distribution
3. Memory
4. DSP
5. IO and GT Specific
6. Clocking
7. Specific Feature
8. Primitives
9. Black Boxes
10. Instantiated Netlists

1. Slice Logic
--------------

+----------------------------+------+-------+------------+-----------+-------+
|          Site Type         | Used | Fixed | Prohibited | Available | Util% |
+----------------------------+------+-------+------------+-----------+-------+
| Slice LUTs                 | 3349 |     0 |          0 |      8000 | 41.86 |
|   LUT as Logic             | 2871 |     0 |          0 |      8000 | 35.89 |
|   LUT as Memory            |  478 |     0 |          0 |      2400 | 19.92 |
|     LUT as Distributed RAM |   24 |     0 |            |           |       |
|     LUT as Shift Register  |  454 |     0 |            |           |       |
| Slice Registers            | 4999 |     0 |          0 |     16000 | 31.24 |
|   Register as Flip Flop    | 4999 |     0 |          0 |     16000 | 31.24 |
|   Register as Latch        |    0 |     0 |          0 |     16000 |  0.00 |
| F7 Muxes                   |  109 |     0 |          0 |      4000 |  2.73 |
| F8 Muxes                   |   26 |     0 |          0 |      2000 |  1.30 |
+----------------------------+------+-------+------------+-----------+-------+
* Warning! LUT value is adjusted to account for LUT combining.


1.1 Summary of Registers by Type
--------------------------------

+-------+--------------+-------------+--------------+
| Total | Clock Enable | Synchronous | Asynchronous |
+-------+--------------+-------------+--------------+
| 0     |            _ |           - |            - |
| 0     |            _ |           - |          Set |
| 0     |            _ |           - |        Reset |
| 0     |            _ |         Set |            - |
| 0     |            _ |       Reset |            - |
| 0     |          Yes |           - |            - |
| 49    |          Yes |           - |          Set |
| 190   |          Yes |           - |        Reset |
| 45    |          Yes |         Set |            - |
| 4715  |          Yes |       Reset |            - |
+-------+--------------+-------------+--------------+


2. Slice Logic Distribution
---------------------------

+--------------------------------------------+------+-------+------------+-----------+-------+
|                  Site Type                 | Used | Fixed | Prohibited | Available | Util% |
+--------------------------------------------+------+-------+------------+-----------+-------+
| Slice                                      | 1505 |     0 |          0 |      2000 | 75.25 |
|   SLICEL                                   | 1032 |     0 |            |           |       |
|   SLICEM                                   |  473 |     0 |            |           |       |
| LUT as Logic                               | 2871 |     0 |          0 |      8000 | 35.89 |
|   using O5 output only                     |    0 |       |            |           |       |
|   using O6 output only                     | 2211 |       |            |           |       |
|   using O5 and O6                          |  660 |       |            |           |       |
| LUT as Memory                              |  478 |     0 |          0 |      2400 | 19.92 |
|   LUT as Distributed RAM                   |   24 |     0 |            |           |       |
|     using O5 output only                   |    0 |       |            |           |       |
|     using O6 output only                   |    0 |       |            |           |       |
|     using O5 and O6                        |   24 |       |            |           |       |
|   LUT as Shift Register                    |  454 |     0 |            |           |       |
|     using O5 output only                   |    6 |       |            |           |       |
|     using O6 output only                   |   66 |       |            |           |       |
|     using O5 and O6                        |  382 |       |            |           |       |
| Slice Registers                            | 4999 |     0 |          0 |     16000 | 31.24 |
|   Register driven from within the Slice    | 2333 |       |            |           |       |
|   Register driven from outside the Slice   | 2666 |       |            |           |       |
|     LUT in front of the register is unused | 2085 |       |            |           |       |
|     LUT in front of the register is used   |  581 |       |            |           |       |
| Unique Control Sets                        |  199 |       |          0 |      2000 |  9.95 |
+--------------------------------------------+------+-------+------------+-----------+-------+
* * Note: Available Control Sets calculated as Slice * 1, Review the Control Sets Report for more information regarding control sets.


3. Memory
---------

+-------------------+------+-------+------------+-----------+--------+
|     Site Type     | Used | Fixed | Prohibited | Available |  Util% |
+-------------------+------+-------+------------+-----------+--------+
| Block RAM Tile    |   10 |     0 |          0 |        10 | 100.00 |
|   RAMB36/FIFO*    |   10 |     0 |          0 |        10 | 100.00 |
|     RAMB36E1 only |   10 |       |            |           |        |
|   RAMB18          |    0 |     0 |          0 |        20 |   0.00 |
+-------------------+------+-------+------------+-----------+--------+
* Note: Each Block RAM Tile only has one FIFO logic available and therefore can accommodate only one FIFO36E1 or one FIFO18E1. However, if a FIFO18E1 occupies a Block RAM Tile, that tile can still accommodate a RAMB18E1


4. DSP
------

+-----------+------+-------+------------+-----------+-------+
| Site Type | Used | Fixed | Prohibited | Available | Util% |
+-----------+------+-------+------------+-----------+-------+
| DSPs      |    0 |     0 |          0 |        20 |  0.00 |
+-----------+------+-------+------------+-----------+-------+


5. IO and GT Specific
---------------------

+-----------------------------+------+-------+------------+-----------+-------+
|          Site Type          | Used | Fixed | Prohibited | Available | Util% |
+-----------------------------+------+-------+------------+-----------+-------+
| Bonded IOB                  |   11 |    11 |          0 |       100 | 11.00 |
|   IOB Master Pads           |    5 |       |            |           |       |
|   IOB Slave Pads            |    5 |       |            |           |       |
| PHY_CONTROL                 |    0 |     0 |          0 |         2 |  0.00 |
| PHASER_REF                  |    0 |     0 |          0 |         2 |  0.00 |
| OUT_FIFO                    |    0 |     0 |          0 |         8 |  0.00 |
| IN_FIFO                     |    0 |     0 |          0 |         8 |  0.00 |
| IDELAYCTRL                  |    0 |     0 |          0 |         2 |  0.00 |
| IBUFDS                      |    0 |     0 |          0 |        96 |  0.00 |
| PHASER_OUT/PHASER_OUT_PHY   |    0 |     0 |          0 |         8 |  0.00 |
| PHASER_IN/PHASER_IN_PHY     |    0 |     0 |          0 |         8 |  0.00 |
| IDELAYE2/IDELAYE2_FINEDELAY |    0 |     0 |          0 |       100 |  0.00 |
| ILOGIC                      |    0 |     0 |          0 |       100 |  0.00 |
| OLOGIC                      |    8 |     8 |          0 |       100 |  8.00 |
|   OSERDES                   |    8 |     8 |          0 |       100 |       |
+-----------------------------+------+-------+------------+-----------+-------+


6. Clocking
-----------

+------------+------+-------+------------+-----------+-------+
|  Site Type | Used | Fixed | Prohibited | Available | Util% |
+------------+------+-------+------------+-----------+-------+
| BUFGCTRL   |    8 |     0 |          0 |        16 | 50.00 |
| BUFIO      |    0 |     0 |          0 |         8 |  0.00 |
| MMCME2_ADV |    1 |     0 |          0 |         2 | 50.00 |
| PLLE2_ADV  |    1 |     0 |          0 |         2 | 50.00 |
| BUFMRCE    |    0 |     0 |          0 |         4 |  0.00 |
| BUFHCE     |    0 |     0 |          0 |        24 |  0.00 |
| BUFR       |    0 |     0 |          0 |         8 |  0.00 |
+------------+------+-------+------------+-----------+-------+


7. Specific Feature
-------------------

+-------------+------+-------+------------+-----------+-------+
|  Site Type  | Used | Fixed | Prohibited | Available | Util% |
+-------------+------+-------+------------+-----------+-------+
| BSCANE2     |    1 |     0 |          0 |         4 | 25.00 |
| CAPTUREE2   |    0 |     0 |          0 |         1 |  0.00 |
| DNA_PORT    |    0 |     0 |          0 |         1 |  0.00 |
| EFUSE_USR   |    0 |     0 |          0 |         1 |  0.00 |
| FRAME_ECCE2 |    0 |     0 |          0 |         1 |  0.00 |
| ICAPE2      |    0 |     0 |          0 |         2 |  0.00 |
| STARTUPE2   |    0 |     0 |          0 |         1 |  0.00 |
+-------------+------+-------+------------+-----------+-------+


8. Primitives
-------------

+------------+------+---------------------+
|  Ref Name  | Used | Functional Category |
+------------+------+---------------------+
| FDRE       | 4715 |        Flop & Latch |
| LUT6       | 1310 |                 LUT |
| LUT2       |  640 |                 LUT |
| SRL16E     |  562 |  Distributed Memory |
| LUT4       |  448 |                 LUT |
| LUT5       |  441 |                 LUT |
| LUT3       |  419 |                 LUT |
| LUT1       |  273 |                 LUT |
| SRLC32E    |  270 |  Distributed Memory |
| FDCE       |  190 |        Flop & Latch |
| CARRY4     |  141 |          CarryLogic |
| MUXF7      |  109 |               MuxFx |
| FDPE       |   49 |        Flop & Latch |
| FDSE       |   45 |        Flop & Latch |
| RAMD32     |   36 |  Distributed Memory |
| MUXF8      |   26 |               MuxFx |
| RAMS32     |   12 |  Distributed Memory |
| RAMB36E1   |   10 |        Block Memory |
| OSERDESE2  |    8 |                  IO |
| BUFG       |    8 |               Clock |
| SRLC16E    |    4 |  Distributed Memory |
| OBUFDS     |    4 |                  IO |
| IBUF       |    2 |                  IO |
| PLLE2_ADV  |    1 |               Clock |
| OBUF       |    1 |                  IO |
| MMCME2_ADV |    1 |               Clock |
| BSCANE2    |    1 |              Others |
+------------+------+---------------------+


9. Black Boxes
--------------

+----------+------+
| Ref Name | Used |
+----------+------+


10. Instantiated Netlists
-------------------------

+-----------+------+
|  Ref Name | Used |
+-----------+------+
| rgb2dvi_0 |    1 |
| ila_1     |    1 |
| ila_0     |    1 |
| dbg_hub   |    1 |
| clk_wiz_0 |    1 |
+-----------+------+


